AR comparator2 behavioral D:/work/Projects/labs_vhdl/lab1/comparator2.vhd sub00/vhpl03 1381235796
EN comparator1 NULL D:/work/Projects/labs_vhdl/lab1/comparator1.vhd sub00/vhpl00 1380043048
EN comparator2 NULL D:/work/Projects/labs_vhdl/lab1/comparator2.vhd sub00/vhpl02 1381235795
EN comparator3 NULL D:/work/Projects/labs_vhdl/lab1/comparator3.vhd sub00/vhpl04 1381237588
AR comparator3 behavioral D:/work/Projects/labs_vhdl/lab1/comparator3.vhd sub00/vhpl05 1381237589
AR comparator1 behavioral D:/work/Projects/labs_vhdl/lab1/comparator1.vhd sub00/vhpl01 1380043049
